
> tasks@0.1.0 test
> react-scripts test --coverage

Browserslist: caniuse-lite is outdated. Please run:
  npx browserslist@latest --update-db
  Why you should do it regularly: https://github.com/browserslist/browserslist#browsers-data-updating
PASS src/quizzer/Quizzer.test.tsx
  ● Console

    console.log
      true

      at onChange (src/quizzer/QuestionEdit.tsx:246:37)

PASS src/App.test.tsx
-------------------|---------|----------|---------|---------|--------------------------------------------
File               | % Stmts | % Branch | % Funcs | % Lines | Uncovered Line #s                          
-------------------|---------|----------|---------|---------|--------------------------------------------
All files          |   82.55 |    82.75 |   77.02 |   81.81 |                                            
 src               |   66.66 |       50 |      50 |   66.66 |                                            
  App.tsx          |   66.66 |       50 |      50 |   66.66 | 16                                         
 src/interfaces    |       0 |        0 |       0 |       0 |                                            
  question.ts      |       0 |        0 |       0 |       0 |                                            
  quiz.ts          |       0 |        0 |       0 |       0 |                                            
 src/quizzer       |   82.87 |    85.18 |   77.77 |   82.14 |                                            
  AddQuizModal.tsx |   64.28 |      100 |      40 |   64.28 | 37-56                                      
  QuestionEdit.tsx |   48.38 |    66.66 |      40 |   48.38 | 27-30,49-50,57-59,67-69,92-165,199,226,252 
  QuizCard.tsx     |     100 |       80 |     100 |     100 | 32                                         
  QuizEdit.tsx     |   85.18 |      100 |   73.33 |      84 | 32-34,67,97                                
  QuizExpanded.tsx |     100 |    85.71 |     100 |     100 | 74                                         
  QuizList.tsx     |     100 |      100 |     100 |     100 |                                            
  QuizQuestion.tsx |     100 |    85.71 |     100 |     100 | 24-31                                      
  QuizView.tsx     |     100 |      100 |     100 |     100 |                                            
  Quizzer.tsx      |     100 |      100 |     100 |     100 |                                            
-------------------|---------|----------|---------|---------|--------------------------------------------

Test Suites: 2 passed, 2 total
Tests:       15 passed, 15 total
Snapshots:   0 total
Time:        5.982 s
Ran all test suites.
